Release 14.7 - xst P.20131013 (lin64)
Copyright (c) 1995-2013 Xilinx, Inc.  All rights reserved.
--> 
Parameter TMPDIR set to xst/projnav.tmp


Total REAL time to Xst completion: 1.00 secs
Total CPU time to Xst completion: 0.04 secs
 
--> 
Parameter xsthdpdir set to xst


Total REAL time to Xst completion: 1.00 secs
Total CPU time to Xst completion: 0.04 secs
 
--> 
Reading design: Sorter.prj

TABLE OF CONTENTS
  1) Synthesis Options Summary
  2) HDL Parsing
  3) HDL Elaboration
  4) HDL Synthesis
       4.1) HDL Synthesis Report
  5) Advanced HDL Synthesis
       5.1) Advanced HDL Synthesis Report
  6) Low Level Synthesis
  7) Partition Report
  8) Design Summary
       8.1) Primitive and Black Box Usage
       8.2) Device utilization summary
       8.3) Partition Resource Summary
       8.4) Timing Report
            8.4.1) Clock Information
            8.4.2) Asynchronous Control Signals Information
            8.4.3) Timing Summary
            8.4.4) Timing Details
            8.4.5) Cross Clock Domains Report


=========================================================================
*                      Synthesis Options Summary                        *
=========================================================================
---- Source Parameters
Input File Name                    : "Sorter.prj"
Ignore Synthesis Constraint File   : NO

---- Target Parameters
Output File Name                   : "Sorter"
Output Format                      : NGC
Target Device                      : xc7a100t-3-csg324

---- Source Options
Top Module Name                    : Sorter
Automatic FSM Extraction           : YES
FSM Encoding Algorithm             : Auto
Safe Implementation                : No
FSM Style                          : LUT
RAM Extraction                     : Yes
RAM Style                          : Auto
ROM Extraction                     : Yes
Shift Register Extraction          : YES
ROM Style                          : Auto
Resource Sharing                   : YES
Asynchronous To Synchronous        : NO
Shift Register Minimum Size        : 2
Use DSP Block                      : Auto
Automatic Register Balancing       : No

---- Target Options
LUT Combining                      : Auto
Reduce Control Sets                : Auto
Add IO Buffers                     : YES
Global Maximum Fanout              : 100000
Add Generic Clock Buffer(BUFG)     : 32
Register Duplication               : YES
Optimize Instantiated Primitives   : NO
Use Clock Enable                   : Auto
Use Synchronous Set                : Auto
Use Synchronous Reset              : Auto
Pack IO Registers into IOBs        : Auto
Equivalent register Removal        : YES

---- General Options
Optimization Goal                  : Speed
Optimization Effort                : 1
Power Reduction                    : NO
Keep Hierarchy                     : No
Netlist Hierarchy                  : As_Optimized
RTL Output                         : Yes
Global Optimization                : AllClockNets
Read Cores                         : YES
Write Timing Constraints           : NO
Cross Clock Analysis               : NO
Hierarchy Separator                : /
Bus Delimiter                      : <>
Case Specifier                     : Maintain
Slice Utilization Ratio            : 100
BRAM Utilization Ratio             : 100
DSP48 Utilization Ratio            : 100
Auto BRAM Packing                  : NO
Slice Utilization Ratio Delta      : 5

=========================================================================


=========================================================================
*                          HDL Parsing                                  *
=========================================================================
Parsing VHDL file "/home/steffen/Dokumente/Git/GitHub/Rechnerarchitektur2015/Uebung 2/A1_Memory/memory.vhd" into library work
Parsing entity <Memory>.
Parsing architecture <memory_impl> of entity <memory>.
Parsing VHDL file "/home/steffen/Dokumente/Git/GitHub/Rechnerarchitektur2015/Uebung 2/A2_CachedMemory/CachedMemory.vhd" into library work
Parsing entity <CachedMemory>.
Parsing architecture <Behavioral> of entity <cachedmemory>.
Parsing VHDL file "/home/steffen/Dokumente/Git/GitHub/Rechnerarchitektur2015/Uebung 2/A3_Sorter/Sorter.vhd" into library work
Parsing entity <Sorter>.
Parsing architecture <Behavioral> of entity <sorter>.

=========================================================================
*                            HDL Elaboration                            *
=========================================================================

Elaborating entity <Sorter> (architecture <Behavioral>) from library <work>.
WARNING:HDLCompiler:871 - "/home/steffen/Dokumente/Git/GitHub/Rechnerarchitektur2015/Uebung 2/A3_Sorter/Sorter.vhd" Line 41: Using initial value '0' for mem_clk since it is never assigned
WARNING:HDLCompiler:871 - "/home/steffen/Dokumente/Git/GitHub/Rechnerarchitektur2015/Uebung 2/A3_Sorter/Sorter.vhd" Line 44: Using initial value '0' for mem_reset since it is never assigned
WARNING:HDLCompiler:871 - "/home/steffen/Dokumente/Git/GitHub/Rechnerarchitektur2015/Uebung 2/A3_Sorter/Sorter.vhd" Line 48: Using initial value "00000000" for mem_data_in since it is never assigned

Elaborating entity <CachedMemory> (architecture <Behavioral>) from library <work>.

Elaborating entity <Memory> (architecture <memory_impl>) from library <work>.
WARNING:HDLCompiler:92 - "/home/steffen/Dokumente/Git/GitHub/Rechnerarchitektur2015/Uebung 2/A2_CachedMemory/CachedMemory.vhd" Line 287: buffer_cachefrommem_addr should be on the sensitivity list of the process
WARNING:HDLCompiler:92 - "/home/steffen/Dokumente/Git/GitHub/Rechnerarchitektur2015/Uebung 2/A2_CachedMemory/CachedMemory.vhd" Line 292: buffer_cachefrommem_addr should be on the sensitivity list of the process
WARNING:HDLCompiler:92 - "/home/steffen/Dokumente/Git/GitHub/Rechnerarchitektur2015/Uebung 2/A2_CachedMemory/CachedMemory.vhd" Line 293: buffer_cachefrommem_data should be on the sensitivity list of the process
WARNING:HDLCompiler:92 - "/home/steffen/Dokumente/Git/GitHub/Rechnerarchitektur2015/Uebung 2/A2_CachedMemory/CachedMemory.vhd" Line 294: buffer_cachefrommem_d should be on the sensitivity list of the process
WARNING:HDLCompiler:92 - "/home/steffen/Dokumente/Git/GitHub/Rechnerarchitektur2015/Uebung 2/A2_CachedMemory/CachedMemory.vhd" Line 295: buffer_cachefrommem_v should be on the sensitivity list of the process
WARNING:HDLCompiler:92 - "/home/steffen/Dokumente/Git/GitHub/Rechnerarchitektur2015/Uebung 2/A2_CachedMemory/CachedMemory.vhd" Line 309: buffer_cachefrommain_addr should be on the sensitivity list of the process
WARNING:HDLCompiler:92 - "/home/steffen/Dokumente/Git/GitHub/Rechnerarchitektur2015/Uebung 2/A2_CachedMemory/CachedMemory.vhd" Line 328: buffer_cachefrommain_addr should be on the sensitivity list of the process
WARNING:HDLCompiler:92 - "/home/steffen/Dokumente/Git/GitHub/Rechnerarchitektur2015/Uebung 2/A2_CachedMemory/CachedMemory.vhd" Line 329: buffer_cachefrommain_data should be on the sensitivity list of the process
WARNING:HDLCompiler:92 - "/home/steffen/Dokumente/Git/GitHub/Rechnerarchitektur2015/Uebung 2/A2_CachedMemory/CachedMemory.vhd" Line 330: buffer_cachefrommain_d should be on the sensitivity list of the process
WARNING:HDLCompiler:92 - "/home/steffen/Dokumente/Git/GitHub/Rechnerarchitektur2015/Uebung 2/A2_CachedMemory/CachedMemory.vhd" Line 331: buffer_cachefrommain_v should be on the sensitivity list of the process
WARNING:HDLCompiler:92 - "/home/steffen/Dokumente/Git/GitHub/Rechnerarchitektur2015/Uebung 2/A3_Sorter/Sorter.vhd" Line 71: addr_start should be on the sensitivity list of the process
WARNING:HDLCompiler:92 - "/home/steffen/Dokumente/Git/GitHub/Rechnerarchitektur2015/Uebung 2/A3_Sorter/Sorter.vhd" Line 118: addr_start should be on the sensitivity list of the process
WARNING:HDLCompiler:92 - "/home/steffen/Dokumente/Git/GitHub/Rechnerarchitektur2015/Uebung 2/A3_Sorter/Sorter.vhd" Line 122: mem_ack should be on the sensitivity list of the process
WARNING:HDLCompiler:92 - "/home/steffen/Dokumente/Git/GitHub/Rechnerarchitektur2015/Uebung 2/A3_Sorter/Sorter.vhd" Line 124: mem_output should be on the sensitivity list of the process
WARNING:HDLCompiler:92 - "/home/steffen/Dokumente/Git/GitHub/Rechnerarchitektur2015/Uebung 2/A3_Sorter/Sorter.vhd" Line 147: mem_ack should be on the sensitivity list of the process
WARNING:HDLCompiler:92 - "/home/steffen/Dokumente/Git/GitHub/Rechnerarchitektur2015/Uebung 2/A3_Sorter/Sorter.vhd" Line 149: mem_output should be on the sensitivity list of the process
WARNING:HDLCompiler:92 - "/home/steffen/Dokumente/Git/GitHub/Rechnerarchitektur2015/Uebung 2/A3_Sorter/Sorter.vhd" Line 198: addr_end should be on the sensitivity list of the process
WARNING:HDLCompiler:92 - "/home/steffen/Dokumente/Git/GitHub/Rechnerarchitektur2015/Uebung 2/A3_Sorter/Sorter.vhd" Line 208: addr_start should be on the sensitivity list of the process
ERROR:HDLCompiler:76 - "/home/steffen/Dokumente/Git/GitHub/Rechnerarchitektur2015/Uebung 2/A3_Sorter/Sorter.vhd" Line 87: statement is not synthesizable since it does not hold its value under NOT(clock-edge) condition
Netlist Sorter(Behavioral) remains a blackbox, due to errors in its contents
--> 


Total memory usage is 363668 kilobytes

Number of errors   :    1 (   0 filtered)
Number of warnings :   21 (   0 filtered)
Number of infos    :    0 (   0 filtered)

